{
  "duration_s": 25.0,
  "odom_samples": 2508,
  "cmd_samples": 1079,
  "debug_samples": 677,
  "odom_csv": "/mnt/nvme0n1p5/YOPO/YOPO/run_logs/flightmare_moving_x05_follow_20260702_130616/monitor_odom.csv",
  "cmd_csv": "/mnt/nvme0n1p5/YOPO/YOPO/run_logs/flightmare_moving_x05_follow_20260702_130616/monitor_cmd.csv",
  "debug_csv": "/mnt/nvme0n1p5/YOPO/YOPO/run_logs/flightmare_moving_x05_follow_20260702_130616/monitor_debug.csv",
  "start_pos": [
    0.0,
    0.0,
    2.007981704682541
  ],
  "end_pos": [
    5.207945832155245,
    0.9357978186191914,
    2.30471723938398
  ],
  "target": [
    15.066709518432617,
    0.0,
    2.0
  ],
  "start_dist3": 2.000015926838994,
  "min_dist3": 2.000015926838994,
  "end_dist3": 9.907764206680113,
  "start_dist_xy": 2.0,
  "min_dist_xy": 2.0,
  "end_dist_xy": 9.903077247966607,
  "max_z": 2.30471723938398,
  "min_z": 1.9924947793492438,
  "start_cmd_pos": [
    4.902520279427516e-08,
    -3.6120142943422545e-08,
    2.0079999181213983
  ],
  "end_cmd_pos": [
    5.207947371473347,
    0.9357977978870828,
    2.304717348289957
  ],
  "max_cmd_z": 2.304717348289957,
  "min_cmd_z": 1.992475203272388,
  "target_source_counts": {
    "truth": 677
  },
  "selection_reason_counts": {
    "target_distance_terminal": 677
  },
  "selected_action_counts": {
    "2": 44,
    "1": 65,
    "0": 57,
    "7": 120,
    "8": 131,
    "5": 61,
    "6": 97,
    "3": 22,
    "12": 1,
    "9": 53,
    "14": 5,
    "11": 21
  },
  "mean_max_objectness": 0.8159115518198419,
  "detected_ratio": 0.8360413589364845,
  "mean_selected_terminal_progress": 3.1586906407814634,
  "mean_selected_terminal_distance": 4.1424018527693836,
  "last_debug": {
    "t": 25.183038473129272,
    "selected_action": 5,
    "selection_reason": "target_distance_terminal",
    "target_source": "truth",
    "min_score": 1.5115327835083008,
    "selected_score": 2.1806929111480713,
    "max_objectness": 0.9999996423721313,
    "selected_objectness": 0.9999983310699463,
    "selected_terminal_distance": 8.067351623974082,
    "selected_terminal_progress": 1.8492124040937383,
    "selected_terminal_lateral_error": 0.322963855205587,
    "detected": true,
    "confidence": 0.9999996423721313
  }
}
