{
  "bag": "/mnt/nvme0n1p5/YOPO/YOPO/run_logs/flightmare_flat_warehouse_v6_target3_20260703_130818/flightmare_flat_warehouse_v6_target3.bag",
  "truth_topic": "/flightmare/yopo/target_world",
  "pred_topic": "/yopo_net/target_world",
  "debug_topic": "/yopo_net/tracking_debug",
  "max_dt": 0.1,
  "warmup": 2.0,
  "truth_z_override": 2.0,
  "truth_samples": 766,
  "pred_samples": 766,
  "debug_samples": 766,
  "paired_samples": 766,
  "detected_ratio": 0.9947780678851175,
  "confidence": {
    "count": 766,
    "mean": 0.9880273183102551,
    "median": 0.9999997615814209,
    "p95": 1.0,
    "max": 1.0
  },
  "max_objectness": {
    "count": 766,
    "mean": 0.9880273183102551,
    "median": 0.9999997615814209,
    "p95": 1.0,
    "max": 1.0
  },
  "err_3d_m": {
    "count": 766,
    "mean": 21.310553641745262,
    "median": 18.16597674177176,
    "p95": 51.08218943957555,
    "max": 54.06517711126084
  },
  "err_xy_m": {
    "count": 766,
    "mean": 21.151551726854212,
    "median": 18.042458351076668,
    "p95": 51.01032250845283,
    "max": 53.980117185901605
  },
  "err_z_abs_m": {
    "count": 766,
    "mean": 1.6179619372570035,
    "median": 1.7325755763672,
    "p95": 3.017905238506617,
    "max": 3.848131087030964
  },
  "dt_abs_s": {
    "count": 766,
    "mean": 0.0,
    "median": 0.0,
    "p95": 0.0,
    "max": 0.0
  },
  "pair_csv": "/mnt/nvme0n1p5/YOPO/YOPO/run_logs/flightmare_flat_warehouse_v6_target3_20260703_130818/target_regression_pairs.csv",
  "debug_csv": "/mnt/nvme0n1p5/YOPO/YOPO/run_logs/flightmare_flat_warehouse_v6_target3_20260703_130818/target_detection_debug.csv"
}
