kx: (5.700000, 5.700000, 6.200000), kv: (3.400000, 3.400000, 4.000000) 
Error in XmlRpcClient::writeRequest: write error (Connection refused).
[WARN] [1782979208.487424242]: Simulator loop overrun: loop_time = 15.27 ms > expected 1.00 ms!
[INFO] [1782979210.253225274]: Odom Recived! Ready to TakeOff...
takeoff process start
[INFO] [1782979210.254384393]: Takeoff called successfully
[INFO] [1782979210.254458878]: UAV will be armed!
takeoff altitude: 2 m
takeoff velocity: 0.8 m/s
[WARN] [1782979234.205038997]: Simulator loop overrun: loop_time = 2.26 ms > expected 1.00 ms!
[WARN] [1782979284.993563878]: Shutdown request received.
[WARN] [1782979284.993636833]: Reason given for shutdown: [user request]
[INFO] [1782979213.994630752]: TakeOff Done! Ready to Flight...
[INFO] [1782979213.994648700]: take off thread out
[31mWARNING: disk usage in log directory [/home/zml/.ros/log] is over 1GB.
It's recommended that you use the 'rosclean' command.[0m
... logging to /home/zml/.ros/log/233329c2-75eb-11f1-ae5e-f5b1e096a49c/roslaunch-zml-21277.log
Checking log directory for disk usage. This may take a while.
Press Ctrl-C to interrupt
]2;/mnt/nvme0n1p5/YOPO/Controller/src/so3_quadrotor_simulator/launch/simulator_attitude_control_yopov2_runtime.launch
[1mstarted roslaunch server http://zml:35245/[0m

SUMMARY
========

PARAMETERS
 * /rosdistro: noetic
 * /rosversion: 1.17.4
 * /yopo_runtime_test/network_controller_node/hover_thrust: 0.375
 * /yopo_runtime_test/network_controller_node/is_simulation: True
 * /yopo_runtime_test/network_controller_node/logger_file_name: /mnt/nvme0n1p5/YO...
 * /yopo_runtime_test/network_controller_node/record_log: False
 * /yopo_runtime_test/network_controller_node/use_disturbance_observer: True
 * /yopo_runtime_test/quadrotor_simulator_so3/rate/odom: 100.0
 * /yopo_runtime_test/quadrotor_simulator_so3/simulator/init_state_x: 0.0
 * /yopo_runtime_test/quadrotor_simulator_so3/simulator/init_state_y: 0.0
 * /yopo_runtime_test/quadrotor_simulator_so3/simulator/init_state_z: 2.0

NODES
  /yopo_runtime_test/
    network_controller_node (so3_control/network_control_node)
    quadrotor_simulator_so3 (so3_quadrotor_simulator/quadrotor_simulator_so3)

[1mROS_MASTER_URI=http://localhost:11311[0m
]2;/mnt/nvme0n1p5/YOPO/Controller/src/so3_quadrotor_simulator/launch/simulator_attitude_control_yopov2_runtime.launch http://localhost:11311
[1mprocess[yopo_runtime_test/quadrotor_simulator_so3-1]: started with pid [21302][0m
[1mprocess[yopo_runtime_test/network_controller_node-2]: started with pid [21303][0m
[yopo_runtime_test/network_controller_node-2] killing on exit
[yopo_runtime_test/quadrotor_simulator_so3-1] killing on exit
shutting down processing monitor...
... shutting down processing monitor complete
[1mdone[0m
