{
  "duration_s": 25.0,
  "odom_samples": 2507,
  "cmd_samples": 1087,
  "debug_samples": 681,
  "odom_csv": "/mnt/nvme0n1p5/YOPO/YOPO/run_logs/image_detect_follow_20260702_162919/monitor_odom.csv",
  "cmd_csv": "/mnt/nvme0n1p5/YOPO/YOPO/run_logs/image_detect_follow_20260702_162919/monitor_cmd.csv",
  "debug_csv": "/mnt/nvme0n1p5/YOPO/YOPO/run_logs/image_detect_follow_20260702_162919/monitor_debug.csv",
  "start_pos": [
    0.0,
    0.0,
    2.0079999134570374
  ],
  "end_pos": [
    -21.41319782162551,
    -0.5241681020476936,
    2.5477099926073348
  ],
  "target": [
    2.0,
    0.0,
    2.0
  ],
  "start_dist3": 2.0000159995898334,
  "min_dist3": 1.9999951505461253,
  "end_dist3": 23.425468419431354,
  "start_dist_xy": 2.0,
  "min_dist_xy": 1.9999805153083743,
  "end_dist_xy": 23.419064550783702,
  "max_z": 2.619941713900552,
  "min_z": 2.0048990969965224,
  "start_cmd_pos": [
    8.412478937288208e-08,
    5.7094558702271226e-08,
    2.0080018611518264
  ],
  "end_cmd_pos": [
    -21.40737611766598,
    -0.5355706185874971,
    2.548193750476695
  ],
  "max_cmd_z": 2.619970839132155,
  "min_cmd_z": 2.004917574090303,
  "target_source_counts": {
    "detector": 681
  },
  "selection_reason_counts": {
    "target_distance_terminal": 641,
    "target_distance_no_recent_target": 40
  },
  "selected_action_counts": {
    "7": 57,
    "4": 107,
    "3": 69,
    "9": 30,
    "0": 34,
    "6": 19,
    "8": 144,
    "2": 15,
    "1": 27,
    "5": 71,
    "10": 26,
    "13": 48,
    "14": 21,
    "12": 13
  },
  "mean_max_objectness": 0.5164775706289828,
  "detected_ratio": 0.5066079295154186,
  "mean_selected_terminal_progress": 3.2491653071920097,
  "mean_selected_terminal_distance": 1.9013263161035296,
  "last_debug": {
    "t": 25.178377389907837,
    "selected_action": 14,
    "selection_reason": "target_distance_terminal",
    "target_source": "detector",
    "min_score": 6.878794193267822,
    "selected_score": 8.436715126037598,
    "max_objectness": 0.05891278386116028,
    "selected_objectness": 0.00019711208005901426,
    "selected_terminal_distance": 0.8909005239995568,
    "selected_terminal_progress": 3.354441162096091,
    "selected_terminal_lateral_error": 0.7039806369667128,
    "detected": false,
    "confidence": 0.05891278386116028
  }
}
