{
  "bag": "/mnt/nvme0n1p5/YOPO/YOPO/run_logs/flightmare_nature_flat_y246_v6_target3_20260703_131520/flightmare_nature_flat_y246_v6_target3.bag",
  "truth_topic": "/flightmare/yopo/target_world",
  "pred_topic": "/yopo_net/target_world",
  "debug_topic": "/yopo_net/tracking_debug",
  "max_dt": 0.1,
  "warmup": 2.0,
  "truth_z_override": 2.0,
  "truth_samples": 825,
  "pred_samples": 825,
  "debug_samples": 825,
  "paired_samples": 825,
  "detected_ratio": 1.0,
  "confidence": {
    "count": 825,
    "mean": 0.9973980434013135,
    "median": 0.999927282333374,
    "p95": 0.9999995231628418,
    "max": 0.9999998807907104
  },
  "max_objectness": {
    "count": 825,
    "mean": 0.9973980434013135,
    "median": 0.999927282333374,
    "p95": 0.9999995231628418,
    "max": 0.9999998807907104
  },
  "err_3d_m": {
    "count": 825,
    "mean": 1.0778713577913361,
    "median": 1.07896066484878,
    "p95": 1.3211319292472627,
    "max": 1.5449652880090226
  },
  "err_xy_m": {
    "count": 825,
    "mean": 0.9306248322648204,
    "median": 0.9435260879365883,
    "p95": 1.178635384228845,
    "max": 1.3423655605258749
  },
  "err_z_abs_m": {
    "count": 825,
    "mean": 0.5076646114386723,
    "median": 0.4714283802405421,
    "p95": 0.9922360202632179,
    "max": 1.2639271921621167
  },
  "dt_abs_s": {
    "count": 825,
    "mean": 0.0,
    "median": 0.0,
    "p95": 0.0,
    "max": 0.0
  },
  "pair_csv": "/mnt/nvme0n1p5/YOPO/YOPO/run_logs/flightmare_nature_flat_y246_v6_target3_20260703_131520/target_regression_pairs.csv",
  "debug_csv": "/mnt/nvme0n1p5/YOPO/YOPO/run_logs/flightmare_nature_flat_y246_v6_target3_20260703_131520/target_detection_debug.csv"
}
