{
  "duration_s": 25.0,
  "odom_samples": 2507,
  "cmd_samples": 0,
  "debug_samples": 752,
  "odom_csv": "/mnt/nvme0n1p5/YOPO/YOPO/run_logs/flightmare_nature_flat_y246_v6_target3_20260703_131520/monitor_odom.csv",
  "cmd_csv": "/mnt/nvme0n1p5/YOPO/YOPO/run_logs/flightmare_nature_flat_y246_v6_target3_20260703_131520/monitor_cmd.csv",
  "debug_csv": "/mnt/nvme0n1p5/YOPO/YOPO/run_logs/flightmare_nature_flat_y246_v6_target3_20260703_131520/monitor_debug.csv",
  "start_pos": [
    5.028666705902102,
    2.832889517549773,
    2.498132889569884
  ],
  "end_pos": [
    75.35000795670621,
    1.9321531687523876,
    2.500116666555964
  ],
  "target": [
    81.30003356933594,
    0.0,
    2.0
  ],
  "start_dist3": 4.17686741586976,
  "min_dist3": 3.0732448196102635,
  "end_dist3": 6.275837580645052,
  "start_dist_xy": 4.147057394597195,
  "min_dist_xy": 3.032638159168602,
  "end_dist_xy": 6.25587888777186,
  "max_z": 2.503161192852934,
  "min_z": 2.497668676750377,
  "target_source_counts": {
    "truth": 752
  },
  "selection_reason_counts": {
    "target_distance_terminal": 752
  },
  "selected_action_counts": {
    "2": 14,
    "8": 178,
    "7": 316,
    "4": 19,
    "3": 225
  },
  "mean_max_objectness": 0.9972630289799356,
  "detected_ratio": 1.0,
  "mean_selected_terminal_progress": 4.966716989921976,
  "mean_selected_terminal_distance": 1.7516763051461024,
  "last_debug": {
    "t": 25.188464879989624,
    "selected_action": 7,
    "selection_reason": "target_distance_terminal",
    "target_source": "truth",
    "min_score": 0.457249253988266,
    "selected_score": 0.5861871242523193,
    "max_objectness": 0.9999974966049194,
    "selected_objectness": 0.9999974966049194,
    "selected_terminal_distance": 1.85803348610026,
    "selected_terminal_progress": 5.42183493121201,
    "selected_terminal_lateral_error": 1.6350490837420022,
    "detected": true,
    "confidence": 0.9999974966049194
  }
}
