[31mWARNING: disk usage in log directory [/home/zml/.ros/log] is over 1GB.
It's recommended that you use the 'rosclean' command.[0m
... logging to /home/zml/.ros/log/c069e7dc-7918-11f1-9bc9-3b906c0366e8/roslaunch-zml-258540.log
Checking log directory for disk usage. This may take a while.
Press Ctrl-C to interrupt
]2;roscore
[1mstarted roslaunch server http://zml:39893/[0m
ros_comm version 1.17.4


SUMMARY
========

PARAMETERS
 * /rosdistro: noetic
 * /rosversion: 1.17.4

NODES

auto-starting new master
[1mprocess[master]: started with pid [258559][0m
[1mROS_MASTER_URI=http://zml:11311/[0m
]2;roscore http://zml:11311/
[1msetting /run_id to c069e7dc-7918-11f1-9bc9-3b906c0366e8[0m
[1mprocess[rosout-1]: started with pid [258580][0m
started core service [/rosout]
[rosout-1] killing on exit
[master] killing on exit
shutting down processing monitor...
... shutting down processing monitor complete
[1mdone[0m
