{
  "bag": "/mnt/nvme0n1p5/YOPO/YOPO/run_logs/flightmare_truth_v6_target3_manualstart_20260703_125858/flightmare_truth_v6_target3_manualstart.bag",
  "truth_topic": "/flightmare/yopo/target_world",
  "pred_topic": "/yopo_net/target_world",
  "debug_topic": "/yopo_net/tracking_debug",
  "max_dt": 0.1,
  "warmup": 2.0,
  "truth_z_override": 2.0,
  "truth_samples": 764,
  "pred_samples": 764,
  "debug_samples": 764,
  "paired_samples": 764,
  "detected_ratio": 0.9829842931937173,
  "confidence": {
    "count": 764,
    "mean": 0.9848425414081643,
    "median": 0.9999967813491821,
    "p95": 1.0,
    "max": 1.0
  },
  "max_objectness": {
    "count": 764,
    "mean": 0.9848425414081643,
    "median": 0.9999967813491821,
    "p95": 1.0,
    "max": 1.0
  },
  "err_3d_m": {
    "count": 764,
    "mean": 7.8620887190696065,
    "median": 4.381168993848323,
    "p95": 20.042510328788275,
    "max": 20.41405016654542
  },
  "err_xy_m": {
    "count": 764,
    "mean": 7.71823575227227,
    "median": 4.240168243520557,
    "p95": 19.99175288787126,
    "max": 20.35106825023057
  },
  "err_z_abs_m": {
    "count": 764,
    "mean": 1.0152442663822054,
    "median": 0.8388190613532627,
    "p95": 2.4888885000462704,
    "max": 3.7474323572333654
  },
  "dt_abs_s": {
    "count": 764,
    "mean": 0.0,
    "median": 0.0,
    "p95": 0.0,
    "max": 0.0
  },
  "pair_csv": "/mnt/nvme0n1p5/YOPO/YOPO/run_logs/flightmare_truth_v6_target3_manualstart_20260703_125858/target_regression_pairs.csv",
  "debug_csv": "/mnt/nvme0n1p5/YOPO/YOPO/run_logs/flightmare_truth_v6_target3_manualstart_20260703_125858/target_detection_debug.csv"
}
