{
  "duration_s": 25.0,
  "odom_samples": 2508,
  "cmd_samples": 1254,
  "debug_samples": 752,
  "odom_csv": "/mnt/nvme0n1p5/YOPO/YOPO/run_logs/flightmare_truth_v6_target3_manualstart_20260703_125858/monitor_odom.csv",
  "cmd_csv": "/mnt/nvme0n1p5/YOPO/YOPO/run_logs/flightmare_truth_v6_target3_manualstart_20260703_125858/monitor_cmd.csv",
  "debug_csv": "/mnt/nvme0n1p5/YOPO/YOPO/run_logs/flightmare_truth_v6_target3_manualstart_20260703_125858/monitor_debug.csv",
  "start_pos": [
    3.582015256615488,
    -2.9324963805796744,
    2.4893737380282595
  ],
  "end_pos": [
    54.42314189612286,
    -2.429479470404815,
    2.5049325046269644
  ],
  "target": [
    81.7000503540039,
    0.0,
    2.0
  ],
  "start_dist3": 3.3677580004728385,
  "min_dist3": 3.354001972118818,
  "end_dist3": 27.38954293797124,
  "start_dist_xy": 3.3320124991177718,
  "min_dist_xy": 3.3180651298128945,
  "end_dist_xy": 27.384888269203167,
  "max_z": 2.631738541874196,
  "min_z": 2.4537873556081293,
  "start_cmd_pos": [
    3.5819511778014794,
    -2.9324849584838373,
    2.4893661699206433
  ],
  "end_cmd_pos": [
    54.39380198218427,
    -2.438340351351219,
    2.5051018662916524
  ],
  "max_cmd_z": 2.6319645635415188,
  "min_cmd_z": 2.45375081939818,
  "target_source_counts": {
    "truth": 752
  },
  "selection_reason_counts": {
    "target_distance_terminal": 752
  },
  "selected_action_counts": {
    "8": 75,
    "3": 87,
    "4": 106,
    "7": 105,
    "2": 143,
    "1": 79,
    "10": 3,
    "11": 3,
    "5": 53,
    "0": 49,
    "12": 4,
    "9": 9,
    "13": 4,
    "6": 32
  },
  "mean_max_objectness": 0.9845297029043766,
  "detected_ratio": 0.9827127659574468,
  "mean_selected_terminal_progress": 5.035230680724471,
  "mean_selected_terminal_distance": 8.964663225922358,
  "last_debug": {
    "t": 25.16716742515564,
    "selected_action": 7,
    "selection_reason": "target_distance_terminal",
    "target_source": "truth",
    "min_score": 0.8807333707809448,
    "selected_score": 1.4359087944030762,
    "max_objectness": 1.0,
    "selected_objectness": 1.0,
    "selected_terminal_distance": 21.311585131661154,
    "selected_terminal_progress": 6.137870213049537,
    "selected_terminal_lateral_error": 1.7225439346315916,
    "detected": true,
    "confidence": 1.0
  }
}
