{
  "duration_s": 20.0,
  "odom_samples": 2006,
  "cmd_samples": 835,
  "debug_samples": 530,
  "odom_csv": "/mnt/nvme0n1p5/YOPO/YOPO/run_logs/flightmare_truth_cmdcheck_20260702_125812/monitor_odom.csv",
  "cmd_csv": "/mnt/nvme0n1p5/YOPO/YOPO/run_logs/flightmare_truth_cmdcheck_20260702_125812/monitor_cmd.csv",
  "debug_csv": "/mnt/nvme0n1p5/YOPO/YOPO/run_logs/flightmare_truth_cmdcheck_20260702_125812/monitor_debug.csv",
  "start_pos": [
    0.0,
    0.0,
    2.008426555853354
  ],
  "end_pos": [
    -3.6696754209630438,
    -4.0728201468443235,
    2.3278683975536856
  ],
  "target": [
    2.0,
    0.0,
    2.0
  ],
  "start_dist3": 2.0000177516321074,
  "min_dist3": 2.000001571399026,
  "end_dist3": 6.988603652642487,
  "start_dist_xy": 2.0,
  "min_dist_xy": 1.9999949186509642,
  "end_dist_xy": 6.980908488700699,
  "max_z": 2.3706725351306974,
  "min_z": 1.9941247982637165,
  "start_cmd_pos": [
    4.472450088027009e-09,
    -7.852779029352052e-10,
    2.0080002569341837
  ],
  "end_cmd_pos": [
    -3.6696751758300605,
    -4.072820296153975,
    2.3278684194656343
  ],
  "max_cmd_z": 2.370672400270122,
  "min_cmd_z": 1.9940697475384928,
  "target_source_counts": {
    "truth": 530
  },
  "selection_reason_counts": {
    "target_distance_terminal": 530
  },
  "selected_action_counts": {
    "7": 81,
    "0": 12,
    "4": 3,
    "3": 2,
    "9": 2,
    "2": 53,
    "5": 10,
    "6": 153,
    "1": 205,
    "13": 3,
    "12": 6
  },
  "mean_max_objectness": 0.8950800011110194,
  "detected_ratio": 0.8981132075471698,
  "mean_selected_terminal_progress": 1.7463447819831837,
  "mean_selected_terminal_distance": 2.9224451509026808,
  "last_debug": {
    "t": 20.15117597579956,
    "selected_action": 6,
    "selection_reason": "target_distance_terminal",
    "target_source": "truth",
    "min_score": 0.8775178790092468,
    "selected_score": 1.5033518075942993,
    "max_objectness": 0.9996114373207092,
    "selected_objectness": 0.8649886250495911,
    "selected_terminal_distance": 4.132475146711767,
    "selected_terminal_progress": 4.278515719570928,
    "selected_terminal_lateral_error": 3.120518207236894,
    "detected": true,
    "confidence": 0.9996114373207092
  }
}
