kx: (5.700000, 5.700000, 6.200000), kv: (3.400000, 3.400000, 4.000000) 
Error in XmlRpcClient::writeRequest: write error (Connection refused).
[INFO] [1782966527.133109123]: Odom Recived! Ready to TakeOff...
[INFO] [1782966527.134283593]: Takeoff called successfully
takeoff process start
[INFO] [1782966527.134430651]: UAV will be armed!
takeoff altitude: 2 m
takeoff velocity: 0.8 m/s
[WARN] [1782966844.008873275]: Shutdown request received.
[WARN] [1782966844.008964164]: Reason given for shutdown: [user request]
[INFO] [1782966530.874624786]: TakeOff Done! Ready to Flight...
[INFO] [1782966530.874656456]: take off thread out
[31mWARNING: disk usage in log directory [/home/zml/.ros/log] is over 1GB.
It's recommended that you use the 'rosclean' command.[0m
... logging to /home/zml/.ros/log/bad7e5de-754a-11f1-a085-b5ab6e6336c0/roslaunch-zml-535711.log
Checking log directory for disk usage. This may take a while.
Press Ctrl-C to interrupt
]2;/mnt/nvme0n1p5/YOPO/Controller/src/so3_quadrotor_simulator/launch/simulator_attitude_control_yopov2_runtime.launch
[1mstarted roslaunch server http://zml:37941/[0m

SUMMARY
========

PARAMETERS
 * /rosdistro: noetic
 * /rosversion: 1.17.4
 * /yopo_runtime_test/network_controller_node/hover_thrust: 0.375
 * /yopo_runtime_test/network_controller_node/is_simulation: True
 * /yopo_runtime_test/network_controller_node/logger_file_name: /mnt/nvme0n1p5/YO...
 * /yopo_runtime_test/network_controller_node/record_log: False
 * /yopo_runtime_test/network_controller_node/use_disturbance_observer: True
 * /yopo_runtime_test/quadrotor_simulator_so3/rate/odom: 100.0
 * /yopo_runtime_test/quadrotor_simulator_so3/simulator/init_state_x: 0.0
 * /yopo_runtime_test/quadrotor_simulator_so3/simulator/init_state_y: 0.0
 * /yopo_runtime_test/quadrotor_simulator_so3/simulator/init_state_z: 2.0

NODES
  /yopo_runtime_test/
    network_controller_node (so3_control/network_control_node)
    quadrotor_simulator_so3 (so3_quadrotor_simulator/quadrotor_simulator_so3)

[1mROS_MASTER_URI=http://localhost:11311[0m
]2;/mnt/nvme0n1p5/YOPO/Controller/src/so3_quadrotor_simulator/launch/simulator_attitude_control_yopov2_runtime.launch http://localhost:11311
[1mprocess[yopo_runtime_test/quadrotor_simulator_so3-1]: started with pid [535736][0m
[1mprocess[yopo_runtime_test/network_controller_node-2]: started with pid [535737][0m
[yopo_runtime_test/network_controller_node-2] killing on exit
[yopo_runtime_test/quadrotor_simulator_so3-1] killing on exit
shutting down processing monitor...
... shutting down processing monitor complete
[1mdone[0m
